// Jest Snapshot v1, https://goo.gl/fbAQLP

exports[`Recent Activity Test Pagination component Matches the snapshot 1`] = `
<div
  className="container"
>
  <div
    className="row"
  >
    <ul
      className="pagination"
    >
      
      
    </ul>
  </div>
</div>
`;
