// Jest Snapshot v1, https://goo.gl/fbAQLP

exports[`<PasswordChange /> matches snapshot 1`] = `<button />`;
